// Jest Snapshot v1, https://goo.gl/fbAQLP

exports[`render MoveCard 1`] = `
<article
  className="small-movie-card catalog__movies-card"
  onMouseEnter={[Function]}
  onMouseLeave={[Function]}
>
  <div
    className="small-movie-card__image"
    onClick={[Function]}
  >
    <video
      autoPlay={false}
      height="175"
      loop={true}
      poster="img/fantastic-beasts-the-crimes-of-grindelwald.jpg"
      preload="none"
      src="https://download.blender.org/durian/trailer/sintel_trailer-480p.mp4"
      width="280"
    />
  </div>
  <h3
    className="small-movie-card__title"
  >
    <a
      className="small-movie-card__link"
      href="movie-page.html"
      onClick={[Function]}
    >
      Fantastic Beasts: The Crimes of Grindelwald
    </a>
  </h3>
</article>
`;
